// Jest Snapshot v1, https://goo.gl/fbAQLP

exports[`Splashscren should render Splash Screen, module correctly 1`] = `ShallowWrapper {}`;
